Simulation warm-up started: 140 days
Simulation warm-up completed. Measurement starts at simulation day 140.

Simulation Progress: Day 5 / 360
Simulation Clock Time: 0001-05-26 00:00:00


============================================================
Shipment Waiting for Loading Statistics
============================================================

TEUs by Demand Matrix
------------------------------------------------------------
Origin Dest       Busan         Cartagena     Colombo       Hamburg       Ho Chi Minh CityJakarta       Jebel Ali     Kaohsiung     Laem Chabang  Los Angeles   New Jersey    Piraeus       Qingdao       Rotterdam     Shanghai      Shenzhen      Singapore     Tanger Med    Tianjin       Xiamen        
----------------------------------------------------------------------------------------------------------------------------------------------------------------------------------------------------------------------------------------------------------------------------------------------------------
Busan             -             4             15            8             3             2             20            66            2             48            20            7             13            10            32            21            11            9             5             9             
Cartagena         3             -             6             15            0             1             6             5             1             5             44            5             4             16            16            8             7             23            2             3             
Colombo           22            5             -             17            10            11            92            12            24            11            17            23            27            49            64            51            76            15            4             8             
Hamburg           8             21            17            -             3             1             13            6             3             6             97            11            4             34            19            13            7             24            1             4             
Ho Chi Minh City  2             1             3             5             -             4             9             1             6             4             6             3             2             3             12            7             15            5             2             2             
Jakarta           1             0             4             2             3             -             13            2             3             9             4             4             1             6             10            9             6             2             1             1             
Jebel Ali         13            12            170           25            19            19            -             12            18            11            34            19            7             29            17            23            74            32            3             13            
Kaohsiung         22            1             2             13            2             4             6             -             3             27            8             0             14            12            13            8             8             6             4             2             
Laem Chabang      2             2             5             4             3             6             10            1             -             6             4             6             3             9             11            9             13            1             3             3             
Los Angeles       21            2             12            5             2             2             11            6             2             -             17            4             18            9             39            24            9             3             7             8             
New Jersey        6             32            14            32            1             2             16            3             1             24            -             14            6             36            18            13            4             24            2             7             
Piraeus           8             10            23            12            2             2             35            3             3             6             15            -             8             23            23            24            18            23            4             4             
Qingdao           10            2             7             7             2             1             13            6             2             41            11            8             -             8             32            8             11            5             8             0             
Rotterdam         7             55            22            19            5             3             35            6             5             6             163           11            6             -             30            22            16            31            3             5             
Shanghai          38            24            30            26            8             11            49            14            5             59            85            30            15            58            -             27            52            19            10            13            
Shenzhen          48            30            24            29            7             10            31            25            4             41            106           22            12            41            25            -             33            11            9             4             
Singapore         9             8             29            19            9             16            55            9             10            24            36            18            9             36            36            37            -             13            4             11            
Tanger Med        5             35            12            10            4             2             14            3             2             3             32            11            4             12            14            14            9             -             5             2             
Tianjin           10            1             4             5             1             3             11            5             0             20            8             4             9             11            14            3             7             4             -             0             
Xiamen            18            4             25            21            3             2             26            20            2             29            20            16            5             24            16            76            21            8             1             -             

Port-Level Shipment Waiting and Vessel Queue Statistics

Port                       Origin Waiting TEU   Transshipment Waiting TEU   Total Waiting TEU   Vessels Waiting
---------------------------------------------------------------------------------------------------------------
Busan                                     304                         113                 417              0.00
Cartagena                                 170                           0                 170              0.00
Colombo                                   537                           0                 537              0.00
Hamburg                                   292                           0                 292              0.00
Ho Chi Minh City                           94                           0                  94              0.05
Jakarta                                    81                           0                  81              0.05
Jebel Ali                                 551                           0                 551              0.00
Kaohsiung                                 155                           3                 159              0.00
Laem Chabang                               98                           0                  98              0.03
Los Angeles                               202                           0                 202              0.00
New Jersey                                254                         123                 376              0.00
Piraeus                                   245                           0                 245              0.00
Qingdao                                   182                          40                 222              0.01
Rotterdam                                 450                           0                 450              0.04
Shanghai                                  574                         862               1,437              0.00
Shenzhen                                  512                          55                 567              0.00
Singapore                                 386                         432                 818              0.00
Tanger Med                                193                         154                 347              0.00
Tianjin                                   120                           0                 120              0.00
Xiamen                                    337                           0                 337              0.03
---------------------------------------------------------------------------------------------------------------
TOTAL                                   5,736                       1,783               7,519              0.21



============================================================
Shipment Being Transported Statistics
============================================================

Average TEUs in Transition by Demand Matrix
------------------------------------------------------------
Origin Dest       Busan         Cartagena     Colombo       Hamburg       Ho Chi Minh CityJakarta       Jebel Ali     Kaohsiung     Laem Chabang  Los Angeles   New Jersey    Piraeus       Qingdao       Rotterdam     Shanghai      Shenzhen      Singapore     Tanger Med    Tianjin       Xiamen        
----------------------------------------------------------------------------------------------------------------------------------------------------------------------------------------------------------------------------------------------------------------------------------------------------------
Busan             -             42            72            167           3             18            128           99            12            475           224           121           9             198           37            24            74            92            10            26            
Cartagena         26            -             75            69            18            27            55            16            14            124           26            44            40            71            153           99            60            50            28            25            
Colombo           35            55            -             143           14            5             150           38            22            58            88            71            28            172           55            52            0             82            20            35            
Hamburg           82            14            193           -             17            30            220           75            25            134           0             39            79            12            263           247           90            33            49            77            
Ho Chi Minh City  3             19            22            34            -             7             69            12            3             70            27            25            8             54            26            43            12            28            9             16            
Jakarta           18            17            32            59            5             -             78            6             7             102           49            62            10            95            40            33            6             35            11            15            
Jebel Ali         62            42            0             114           17            3             -             65            22            135           74            79            34            164           78            84            0             153           22            63            
Kaohsiung         3             18            25            81            4             11            36            -             11            303           75            58            6             92            18            14            19            32            6             18            
Laem Chabang      13            12            29            46            5             4             53            11            -             80            30            38            7             57            21            26            5             27            18            15            
Los Angeles       269           131           90            101           28            39            155           130           26            -             476           101           215           184           369           271           106           72            66            116           
New Jersey        113           61            165           140           19            27            113           80            18            477           -             72            98            135           332           241           80            25            33            84            
Piraeus           56            28            98            13            11            25            138           42            16            96            52            -             51            27            196           155           59            6             28            61            
Qingdao           18            36            35            112           9             11            55            7             7             394           116           70            -             138           14            12            29            69            23            1             
Rotterdam         113           20            276           6             38            61            326           94            36            163           0             47            98            -             295           376           122           41            55            119           
Shanghai          10            62            61            244           8             21            112           11            16            474           187           195           19            327           -             2             62            136           32            7             
Shenzhen          3             49            44            287           23            23            181           0             12            212           284           202           5             437           33            -             48            107           4             13            
Singapore         29            58            39            135           6             8             212           41            11            318           92            93            48            205           86            72            -             82            15            60            
Tanger Med        51            15            127           18            18            30            182           41            26            79            0             15            42            13            178           151           111           -             27            46            
Tianjin           23            16            26            95            6             14            63            8             5             187           88            68            5             133           16            7             27            39            -             1             
Xiamen            7             29            40            147           5             7             70            4             5             140           184           92            5             194           14            18            30            55            0             -             

Completed TEUs by Demand Matrix
------------------------------------------------------------
Origin Dest       Busan         Cartagena     Colombo       Hamburg       Ho Chi Minh CityJakarta       Jebel Ali     Kaohsiung     Laem Chabang  Los Angeles   New Jersey    Piraeus       Qingdao       Rotterdam     Shanghai      Shenzhen      Singapore     Tanger Med    Tianjin       Xiamen        
----------------------------------------------------------------------------------------------------------------------------------------------------------------------------------------------------------------------------------------------------------------------------------------------------------
Busan             -             10            0             27            0             3             52            134           0             114           36            0             31            42            78            0             67            20            30            32            
Cartagena         0             -             0             0             5             0             24            0             1             5             0             0             0             43            0             0             12            66            0             0             
Colombo           25            13            -             30            21            27            0             18            25            10            33            0             22            26            0             0             0             26            8             17            
Hamburg           9             21            0             -             3             2             65            15            5             10            0             37            12            65            0             0             23            75            5             11            
Ho Chi Minh City  5             2             19            7             -             17            0             4             12            15            8             0             8             13            0             0             0             4             5             12            
Jakarta           3             0             43            7             8             -             0             1             9             12            10            0             6             19            0             0             22            10            4             5             
Jebel Ali         40            10            0             27            25            19            -             21            25            6             0             0             14            30            0             0             0             30            4             27            
Kaohsiung         52            3             0             19            0             5             16            -             0             98            14            0             14            25            29            0             14            2             16            20            
Laem Chabang      8             4             29            10            7             12            0             9             -             10            9             0             8             9             0             0             0             4             4             9             
Los Angeles       26            12            0             0             0             18            60            19            0             -             0             0             21            0             0             0             7             0             8             16            
New Jersey        0             90            0             0             7             0             36            0             7             35            -             0             0             114           0             0             30            49            3             0             
Piraeus           6             18            0             16            6             6             43            5             2             6             0             -             9             41            0             0             13            34            4             11            
Qingdao           20            0             0             21            0             8             26            15            0             117           25            0             -             28            66            0             24            17            0             2             
Rotterdam         25            29            0             33            7             9             70            15            11            14            0             49            15            -             0             0             24            112           10            15            
Shanghai          43            7             0             48            0             15            82            34            0             109           57            0             42            39            -             0             93            18            23            23            
Shenzhen          48            16            0             42            0             13            121           0             0             79            87            0             11            69            53            -             76            24            11            14            
Singapore         22            13            103           25            19            46            0             22            20            51            46            0             33            43            0             0             -             13            7             43            
Tanger Med        9             22            0             28            3             7             73            7             9             9             0             23            11            25            0             0             19            -             3             3             
Tianjin           24            0             0             21            0             2             28            0             0             56            15            0             25            24            46            0             23            9             -             1             
Xiamen            33            0             0             34            0             6             54            0             0             27            39            0             8             40            17            0             38            13            1             -             


============================================================
Service Route Capacity and Utilization Statistics
============================================================
Route     Name                                Avg Capacity TEU     Avg Carried TEU    Utilization
-------------------------------------------------------------------------------------------------
S1        Asia-Europe-NorthEurope                      190,240              13,471          7.08%
S2        Intra-EastAsia                                12,754                 249          1.95%
S3        SEA-Feeder                                     6,921                 226          3.27%
S4        Transpacific-WestCoast                       126,615               5,516          4.36%
S5        Asia-US-East                                 115,922               3,886          3.35%
S6        Transatlantic-SouthConnector                  22,612                 771          3.41%
S7        IndianOcean-MiddleEast                         7,676                 518          6.75%
-------------------------------------------------------------------------------------------------
TOTAL                                                  482,740              24,636          5.10%


============================================================
Vessel Statistics
============================================================
Metric                                            Average Count
---------------------------------------------------------------
Average vessels sailing                                   37.08
Average vessels waiting for berth at port                  0.21
Average vessels being served at berth                      1.71
---------------------------------------------------------------
TOTAL average active/port vessels                         39.00


Period Result Output: Period 1 (Days 1-5)
Output Simulation Day: 5
Simulation Running Time: 00:03:42

Simulation Progress: Day 10 / 360
Simulation Clock Time: 0001-05-31 00:00:00


============================================================
Shipment Waiting for Loading Statistics
============================================================

TEUs by Demand Matrix
------------------------------------------------------------
Origin Dest       Busan         Cartagena     Colombo       Hamburg       Ho Chi Minh CityJakarta       Jebel Ali     Kaohsiung     Laem Chabang  Los Angeles   New Jersey    Piraeus       Qingdao       Rotterdam     Shanghai      Shenzhen      Singapore     Tanger Med    Tianjin       Xiamen        
----------------------------------------------------------------------------------------------------------------------------------------------------------------------------------------------------------------------------------------------------------------------------------------------------------
Busan             -             6             25            16            5             4             37            99            2             86            34            12            22            16            64            37            22            13            7             12            
Cartagena         2             -             6             15            0             0             8             4             1             3             44            12            4             15            12            7             7             18            2             6             
Colombo           15            9             -             17            12            17            88            9             31            7             24            19            16            39            44            36            104           13            4             6             
Hamburg           5             12            14            -             3             2             19            5             3             6             56            16            6             32            19            21            7             23            2             4             
Ho Chi Minh City  1             0             6             5             -             5             12            2             6             3             4             3             2             5             17            8             16            4             2             3             
Jakarta           1             0             5             2             3             -             11            1             3             8             5             5             1             7             10            10            6             2             1             2             
Jebel Ali         11            7             115           25            13            14            -             8             12            9             23            19            7             35            16            24            51            39            2             9             
Kaohsiung         22            1             2             10            2             4             4             -             2             30            9             1             11            11            14            6             7             5             5             1             
Laem Chabang      2             1             7             4             3             5             8             1             -             6             2             4             2             5             11            9             11            1             2             1             
Los Angeles       22            3             12            5             2             2             12            6             2             -             20            4             25            9             40            25            11            4             8             9             
New Jersey        7             60            12            34            2             1             15            3             1             20            -             15            5             34            17            14            4             21            2             6             
Piraeus           8             7             18            9             2             2             26            5             2             3             14            -             6             18            18            16            11            18            3             4             
Qingdao           13            2             10            8             3             2             17            11            1             58            21            11            -             14            39            9             14            4             8             0             
Rotterdam         7             36            25            20            4             5             40            7             5             7             108           11            7             -             33            22            14            32            4             5             
Shanghai          56            17            28            22            7             9             33            15            6             65            64            21            25            40            -             26            42            15            17            13            
Shenzhen          35            26            26            26            7             11            32            17            5             31            99            23            9             40            17            -             34            13            7             3             
Singapore         11            11            51            20            8             16            91            10            9             29            43            20            11            31            52            52            -             11            7             14            
Tanger Med        4             33            12            15            3             2             13            2             2             3             31            12            3             19            12            13            8             -             5             4             
Tianjin           10            2             5             7             1             3             15            7             1             25            8             5             12            13            17            5             14            6             -             0             
Xiamen            16            3             16            18            3             1             23            16            2             19            17            14            4             19            15            56            18            7             1             -             

Port-Level Shipment Waiting and Vessel Queue Statistics

Port                       Origin Waiting TEU   Transshipment Waiting TEU   Total Waiting TEU   Vessels Waiting
---------------------------------------------------------------------------------------------------------------
Busan                                     518                         140                 659              0.02
Cartagena                                 165                           0                 165              0.00
Colombo                                   510                           0                 510              0.00
Hamburg                                   256                           0                 256              0.00
Ho Chi Minh City                          104                           0                 104              0.04
Jakarta                                    85                           0                  85              0.04
Jebel Ali                                 439                           0                 439              0.00
Kaohsiung                                 146                          46                 192              0.02
Laem Chabang                               87                           0                  87              0.02
Los Angeles                               221                           0                 221              0.00
New Jersey                                273                         161                 434              0.00
Piraeus                                   191                           0                 191              0.00
Qingdao                                   245                          46                 291              0.01
Rotterdam                                 391                           0                 391              0.02
Shanghai                                  522                         931               1,453              0.00
Shenzhen                                  460                          88                 548              0.00
Singapore                                 496                         495                 991              0.00
Tanger Med                                195                         137                 332              0.00
Tianjin                                   156                           0                 156              0.00
Xiamen                                    266                           0                 266              0.02
---------------------------------------------------------------------------------------------------------------
TOTAL                                   5,727                       2,043               7,771              0.17



============================================================
Shipment Being Transported Statistics
============================================================

Average TEUs in Transition by Demand Matrix
------------------------------------------------------------
Origin Dest       Busan         Cartagena     Colombo       Hamburg       Ho Chi Minh CityJakarta       Jebel Ali     Kaohsiung     Laem Chabang  Los Angeles   New Jersey    Piraeus       Qingdao       Rotterdam     Shanghai      Shenzhen      Singapore     Tanger Med    Tianjin       Xiamen        
----------------------------------------------------------------------------------------------------------------------------------------------------------------------------------------------------------------------------------------------------------------------------------------------------------
Busan             -             39            54            157           3             15            117           50            13            446           208           110           4             187           18            17            55            90            8             13            
Cartagena         28            -             70            53            16            26            52            18            14            126           29            47            42            55            155           101           60            45            30            27            
Colombo           50            50            -             145           7             2             100           40            11            62            76            75            40            194           76            73            0             84            21            36            
Hamburg           88            22            177           -             18            28            202           73            24            137           56            29            79            6             256           239           91            25            49            74            
Ho Chi Minh City  4             18            21            35            -             6             61            11            2             68            29            24            8             53            25            37            10            29            10            12            
Jakarta           19            17            29            59            5             -             67            7             6             103           51            61            11            96            42            37            6             35            11            14            
Jebel Ali         65            44            89            116           18            13            -             64            21            141           79            70            38            168           72            88            43            160           24            62            
Kaohsiung         13            18            22            82            5             11            37            -             13            298           75            54            12            92            22            15            20            36            8             11            
Laem Chabang      14            12            27            45            5             5             54            8             -             81            31            38            8             60            22            28            5             28            19            12            
Los Angeles       281           129           96            104           29            39            147           127           27            -             477           100           225           190           395           274           110           73            69            115           
New Jersey        119           30            162           101           18            26            110           84            16            483           -             82            105           96            308           237           77            24            35            90            
Piraeus           62            29            100           15            11            24            144           42            17            97            64            -             55            31            197           160           68            16            31            59            
Qingdao           21            37            29            107           11            10            53            4             8             378           111           70            -             133           7             10            27            68            26            0             
Rotterdam         118           43            257           3             39            62            322           91            36            162           97            36            100           -             289           374           133           33            56            116           
Shanghai          12            72            62            248           14            25            128           6             21            473           212           194           13            358           -             10            69            147           30            3             
Shenzhen          23            52            49            291           29            25            172           5             17            228           284           189           11            444           37            -             45            110           8             11            
Singapore         30            53            19            138           6             12            129           33            8             306           80            90            45            214           62            64            -             86            16            46            
Tanger Med        55            17            123           13            20            31            158           41            25            79            9             14            42            13            174           155           114           -             29            48            
Tianjin           26            17            22            89            7             14            62            11            5             179           85            64            4             130           11            6             24            40            -             0             
Xiamen            13            33            45            150           6             7             71            5             6             156           176           92            6             199           19            12            35            59            1             -             

Completed TEUs by Demand Matrix
------------------------------------------------------------
Origin Dest       Busan         Cartagena     Colombo       Hamburg       Ho Chi Minh CityJakarta       Jebel Ali     Kaohsiung     Laem Chabang  Los Angeles   New Jersey    Piraeus       Qingdao       Rotterdam     Shanghai      Shenzhen      Singapore     Tanger Med    Tianjin       Xiamen        
----------------------------------------------------------------------------------------------------------------------------------------------------------------------------------------------------------------------------------------------------------------------------------------------------------
Busan             -             10            55            27            0             15            52            134           0             222           81            30            31            42            78            28            104           37            47            32            
Cartagena         0             -             20            60            5             5             29            0             1             5             70            40            0             61            18            12            40            66            0             0             
Colombo           25            13            -             30            21            27            226           18            25            22            54            21            22            26            55            52            0             52            19            17            
Hamburg           9             21            73            -             3             11            99            15            5             15            0             57            12            65            46            52            46            117           11            11            
Ho Chi Minh City  5             2             19            7             -             27            39            4             12            25            12            8             8             13            18            38            31            9             8             12            
Jakarta           3             0             43            7             19            -             51            1             9             31            10            12            6             19            16            12            41            22            8             5             
Jebel Ali         40            10            0             27            25            19            -             21            25            31            38            42            14            30            47            49            0             85            14            27            
Kaohsiung         101           3             15            19            0             11            16            -             0             152           30            12            14            25            29            14            24            8             30            20            
Laem Chabang      8             4             29            10            11            23            23            9             -             21            13            9             8             9             17            22            25            8             15            9             
Los Angeles       26            12            3             0             1             19            60            19            0             -             40            7             21            0             80            37            21            7             16            16            
New Jersey        0             90            59            140           7             9             51            0             7             83            -             72            0             140           108           80            46            49            3             0             
Piraeus           6             18            41            16            6             11            67            5             2             21            0             -             9             41            36            32            29            74            8             11            
Qingdao           20            0             27            21            6             15            26            15            0             198           44            10            -             28            66            22            49            37            13            2             
Rotterdam         25            29            116           33            7             21            124           15            11            31            0             73            15            -             60            73            55            177           15            15            
Shanghai          43            7             59            48            8             33            82            34            0             189           93            55            42            39            -             46            169           54            47            23            
Shenzhen          114           16            44            42            23            34            121           42            0             79            163           83            11            69            53            -             137           55            24            14            
Singapore         22            13            103           25            34            97            212           22            20            123           64            34            33            43            91            76            -             35            15            43            
Tanger Med        9             22            48            28            3             9             121           7             9             15            0             44            11            25            32            27            44            -             8             3             
Tianjin           24            0             18            21            4             9             28            0             0             102           33            16            25            24            46            10            40            17            -             1             
Xiamen            63            0             34            34            4             12            54            28            0             27            92            25            8             40            17            120           78            22            2             -             


============================================================
Service Route Capacity and Utilization Statistics
============================================================
Route     Name                                Avg Capacity TEU     Avg Carried TEU    Utilization
-------------------------------------------------------------------------------------------------
S1        Asia-Europe-NorthEurope                      189,699              13,398          7.06%
S2        Intra-EastAsia                                12,981                 267          2.05%
S3        SEA-Feeder                                     7,049                 207          2.93%
S4        Transpacific-WestCoast                       127,550               5,382          4.22%
S5        Asia-US-East                                 115,079               3,805          3.31%
S6        Transatlantic-SouthConnector                  22,405                 780          3.48%
S7        IndianOcean-MiddleEast                         7,569                 474          6.26%
-------------------------------------------------------------------------------------------------
TOTAL                                                  482,332              24,312          5.04%


============================================================
Vessel Statistics
============================================================
Metric                                            Average Count
---------------------------------------------------------------
Average vessels sailing                                   37.09
Average vessels waiting for berth at port                  0.17
Average vessels being served at berth                      1.74
---------------------------------------------------------------
TOTAL average active/port vessels                         39.00


Period Result Output: Period 2 (Days 6-10)
Output Simulation Day: 10
Simulation Running Time: 00:03:51

Simulation Progress: Day 15 / 360
Simulation Clock Time: 0001-06-05 00:00:00


============================================================
Shipment Waiting for Loading Statistics
============================================================

TEUs by Demand Matrix
------------------------------------------------------------
Origin Dest       Busan         Cartagena     Colombo       Hamburg       Ho Chi Minh CityJakarta       Jebel Ali     Kaohsiung     Laem Chabang  Los Angeles   New Jersey    Piraeus       Qingdao       Rotterdam     Shanghai      Shenzhen      Singapore     Tanger Med    Tianjin       Xiamen        
----------------------------------------------------------------------------------------------------------------------------------------------------------------------------------------------------------------------------------------------------------------------------------------------------------
Busan             -             5             20            15            4             3             30            84            2             67            27            10            17            13            50            34            18            10            9             11            
Cartagena         3             -             9             22            0             1             12            4             1             4             56            19            5             21            14            10            11            21            3             7             
Colombo           13            13            -             18            10            13            110           9             22            7             31            18            13            36            42            33            77            15            3             7             
Hamburg           5             12            14            -             2             3             22            5             2             6             49            16            6             32            19            22            8             24            2             5             
Ho Chi Minh City  1             1             5             5             -             7             11            2             5             4             4             2             2             5             14            8             17            3             1             2             
Jakarta           2             0             7             3             4             -             10            1             3             7             7             5             2             8             12            14            7             3             1             3             
Jebel Ali         10            7             109           21            12            13            -             6             9             9             24            18            7             31            14            21            47            33            2             7             
Kaohsiung         29            1             2             9             2             4             6             -             3             41            10            2             12            12            17            6             7             5             6             2             
Laem Chabang      1             1             6             4             2             5             8             0             -             6             2             3             2             4             10            8             12            1             2             2             
Los Angeles       32            4             11            5             3             3             13            7             2             -             22            4             21            9             48            24            12            5             8             10            
New Jersey        7             86            13            40            2             1             18            3             1             18            -             16            5             37            21            17            4             19            2             5             
Piraeus           6             6             15            8             1             2             25            4             2             3             13            -             5             18            16            15            9             19            2             5             
Qingdao           9             2             7             6             2             2             13            12            1             59            16            9             -             11            30            7             11            3             6             0             
Rotterdam         8             31            29            19            4             5             46            8             5             7             86            12            9             -             38            27            16            36            4             6             
Shanghai          41            13            35            26            7             10            34            18            8             66            57            22            21            42            -             32            47            16            14            10            
Shenzhen          40            20            34            26            8             15            49            18            5             34            84            31            9             51            19            -             44            19            9             4             
Singapore         9             10            62            16            9             15            107           8             9             23            35            16            9             26            42            42            -             11            5             12            
Tanger Med        5             24            20            12            3             4             18            4             3             4             24            16            3             18            18            18            11            -             5             7             
Tianjin           9             2             6             6             1             2             15            6             1             21            9             4             9             12            16            6             11            5             -             0             
Xiamen            16            2             15            17            2             2             21            14            2             18            17            12            4             17            15            51            17            6             1             -             

Port-Level Shipment Waiting and Vessel Queue Statistics

Port                       Origin Waiting TEU   Transshipment Waiting TEU   Total Waiting TEU   Vessels Waiting
---------------------------------------------------------------------------------------------------------------
Busan                                     427                         142                 569              0.01
Cartagena                                 222                           0                 222              0.00
Colombo                                   490                          17                 506              0.00
Hamburg                                   253                           0                 253              0.00
Ho Chi Minh City                           99                           0                  99              0.03
Jakarta                                    99                           0                  99              0.05
Jebel Ali                                 400                           0                 400              0.00
Kaohsiung                                 177                          62                 239              0.03
Laem Chabang                               81                           0                  81              0.02
Los Angeles                               244                           0                 244              0.00
New Jersey                                315                         195                 510              0.00
Piraeus                                   175                           0                 175              0.00
Qingdao                                   205                          81                 286              0.01
Rotterdam                                 396                           0                 396              0.01
Shanghai                                  519                         958               1,476              0.00
Shenzhen                                  520                         108                 628              0.00
Singapore                                 466                         510                 976              0.01
Tanger Med                                217                          98                 315              0.00
Tianjin                                   140                           0                 140              0.00
Xiamen                                    249                           0                 249              0.02
---------------------------------------------------------------------------------------------------------------
TOTAL                                   5,695                       2,170               7,865              0.19



============================================================
Shipment Being Transported Statistics
============================================================

Average TEUs in Transition by Demand Matrix
------------------------------------------------------------
Origin Dest       Busan         Cartagena     Colombo       Hamburg       Ho Chi Minh CityJakarta       Jebel Ali     Kaohsiung     Laem Chabang  Los Angeles   New Jersey    Piraeus       Qingdao       Rotterdam     Shanghai      Shenzhen      Singapore     Tanger Med    Tianjin       Xiamen        
----------------------------------------------------------------------------------------------------------------------------------------------------------------------------------------------------------------------------------------------------------------------------------------------------------
Busan             -             41            58            160           5             14            121           83            12            465           214           108           9             191           39            33            53            93            5             14            
Cartagena         28            -             67            44            16            25            51            19            14            127           19            34            42            47            149           99            52            41            30            27            
Colombo           52            50            -             148           10            11            74            44            21            64            69            76            44            205           91            85            39            84            20            36            
Hamburg           89            26            174           -             19            27            196           73            25            139           80            28            80            9             258           242           86            29            49            74            
Ho Chi Minh City  4             19            26            36            -             7             62            11            2             68            29            23            8             54            35            37            12            29            9             13            
Jakarta           17            17            31            58            4             -             64            8             5             102           54            60            11            98            44            44            5             33            10            15            
Jebel Ali         65            46            65            121           19            18            -             66            23            141           79            71            41            178           76            96            56            167           22            62            
Kaohsiung         14            18            19            82            6             11            35            -             13            290           75            50            12            91            24            15            19            37            7             9             
Laem Chabang      12            12            31            46            5             5             56            7             -             83            30            37            8             62            27            34            6             28            17            11            
Los Angeles       274           131           102           106           31            39            145           127           27            -             476           99            225           192           392           280           111           73            72            115           
New Jersey        117           21            155           91            19            25            113           85            15            482           -             66            104           90            297           229           71            26            37            91            
Piraeus           62            31            105           15            11            24            145           45            18            95            77            -             56            32            201           162           68            17            31            59            
Qingdao           22            39            28            107           11            10            58            7             9             385           117           75            -             133           11            13            27            66            27            0             
Rotterdam         118           58            248           4             41            60            318           93            37            161           152           28            100           -             297           374           133           38            57            115           
Shanghai          15            80            60            246           14            25            121           10            20            475           225           189           20            358           -             15            58            145           37            4             
Shenzhen          22            61            45            287           25            23            140           6             16            246           295           178           12            435           36            -             30            106           7             11            
Singapore         32            57            29            141           4             11            104           35            6             301           86            94            44            217           82            84            -             87            18            49            
Tanger Med        56            30            119           13            21            30            143           41            25            78            27            10            42            14            172           156           108           -             29            48            
Tianjin           23            18            21            86            6             14            61            15            4             178           83            62            3             129           10            8             27            42            -             0             
Xiamen            17            34            44            152           6             6             69            6             6             166           169           88            7             195           25            14            32            61            1             -             

Completed TEUs by Demand Matrix
------------------------------------------------------------
Origin Dest       Busan         Cartagena     Colombo       Hamburg       Ho Chi Minh CityJakarta       Jebel Ali     Kaohsiung     Laem Chabang  Los Angeles   New Jersey    Piraeus       Qingdao       Rotterdam     Shanghai      Shenzhen      Singapore     Tanger Med    Tianjin       Xiamen        
----------------------------------------------------------------------------------------------------------------------------------------------------------------------------------------------------------------------------------------------------------------------------------------------------------
Busan             -             10            75            62            0             21            117           134           9             222           112           55            86            70            215           28            104           51            47            32            
Cartagena         2             -             20            60            5             13            29            0             1             5             70            40            3             61            62            12            40            106           0             3             
Colombo           54            13            -             64            21            27            226           40            25            22            80            55            40            69            147           52            163           77            19            37            
Hamburg           18            21            109           -             3             19            143           25            5             15            0             57            20            139           93            52            61            117           11            22            
Ho Chi Minh City  6             2             19            15            -             38            39            12            23            25            17            15            11            24            38            38            63            20            8             15            
Jakarta           14            0             43            16            19            -             51            2             16            31            20            26            9             30            68            12            41            29            8             8             
Jebel Ali         67            10            222           74            25            19            -             44            25            31            38            60            31            75            92            49            103           145           14            42            
Kaohsiung         101           3             25            31            0             15            28            -             4             152           39            26            35            41            60            14            24            11            30            20            
Laem Chabang      18            4             29            16            11            31            23            11            -             21            23            19            11            19            39            22            47            17            15            15            
Los Angeles       120           12            12            5             1             21            74            45            4             -             97            20            129           18            124           37            21            16            16            36            
New Jersey        27            90            59            140           7             14            51            24            7             83            -             72            25            140           158           80            65            88            3             21            
Piraeus           25            18            66            36            6             22            99            13            2             21            0             -             22            83            90            32            38            105           8             21            
Qingdao           68            0             42            42            6             20            56            15            3             198           69            25            -             60            145           26            49            49            13            2             
Rotterdam         46            29            159           69            7             39            191           32            11            31            0             73            34            -             109           73            61            177           15            27            
Shanghai          160           7             105           102           8             54            148           76            16            189           158           86            120           122           -             46            169           78            47            43            
Shenzhen          114           16            104           100           23            58            239           76            12            79            245           121           29            153           94            -             137           75            24            14            
Singapore         47            13            118           73            34            124           212           44            36            123           102           52            68            94            214           76            -             56            15            66            
Tanger Med        17            22            72            60            3             18            157           15            9             15            0             44            17            75            81            27            56            -             8             14            
Tianjin           68            0             29            42            4             19            57            14            4             102           47            34            52            55            90            10            40            27            -             1             
Xiamen            63            0             74            61            4             15            90            50            5             27            118           56            16            87            40            219           78            36            2             -             


============================================================
Service Route Capacity and Utilization Statistics
============================================================
Route     Name                                Avg Capacity TEU     Avg Carried TEU    Utilization
-------------------------------------------------------------------------------------------------
S1        Asia-Europe-NorthEurope                      189,360              13,274          7.01%
S2        Intra-EastAsia                                12,825                 276          2.15%
S3        SEA-Feeder                                     7,032                 217          3.08%
S4        Transpacific-WestCoast                       126,811               5,412          4.27%
S5        Asia-US-East                                 114,887               3,834          3.34%
S6        Transatlantic-SouthConnector                  22,723                 870          3.83%
S7        IndianOcean-MiddleEast                         7,447                 455          6.11%
-------------------------------------------------------------------------------------------------
TOTAL                                                  481,085              24,338          5.06%


============================================================
Vessel Statistics
============================================================
Metric                                            Average Count
---------------------------------------------------------------
Average vessels sailing                                   37.00
Average vessels waiting for berth at port                  0.19
Average vessels being served at berth                      1.82
---------------------------------------------------------------
TOTAL average active/port vessels                         39.00


Period Result Output: Period 3 (Days 11-15)
Output Simulation Day: 15
Simulation Running Time: 00:05:45

