Simulation warm-up started: 140 days
Simulation warm-up completed. Measurement starts at simulation day 140.

Simulation Progress: Day 5 / 360
Simulation Clock Time: 0001-05-26 00:00:00


============================================================
Shipment Waiting for Loading Statistics
============================================================

TEUs by Demand Matrix
------------------------------------------------------------
Origin Dest       Busan         Cartagena     Colombo       Hamburg       Ho Chi Minh CityJakarta       Jebel Ali     Kaohsiung     Laem Chabang  Los Angeles   New Jersey    Piraeus       Qingdao       Rotterdam     Shanghai      Shenzhen      Singapore     Tanger Med    Tianjin       Xiamen        
----------------------------------------------------------------------------------------------------------------------------------------------------------------------------------------------------------------------------------------------------------------------------------------------------------
Busan             -             4             15            8             3             2             20            66            2             48            20            7             13            10            32            21            11            9             5             9             
Cartagena         3             -             6             15            0             1             6             5             1             5             44            5             4             16            16            8             7             23            2             3             
Colombo           22            5             -             17            10            11            92            12            24            11            17            23            27            49            64            51            76            15            4             8             
Hamburg           8             21            17            -             3             1             13            6             3             6             97            11            4             34            19            13            7             24            1             4             
Ho Chi Minh City  2             1             3             5             -             4             9             1             6             4             6             3             2             3             12            7             15            5             2             2             
Jakarta           1             0             4             2             3             -             13            2             3             9             4             4             1             6             10            9             6             2             1             1             
Jebel Ali         13            12            170           25            19            19            -             12            18            11            34            19            7             29            17            23            74            32            3             13            
Kaohsiung         22            1             2             13            2             4             6             -             3             27            8             0             14            12            13            8             8             6             4             2             
Laem Chabang      2             2             5             4             3             6             10            1             -             6             4             6             3             9             11            9             13            1             3             3             
Los Angeles       21            2             12            5             2             2             11            6             2             -             17            4             18            9             39            24            9             3             7             8             
New Jersey        6             32            14            32            1             2             16            3             1             24            -             14            6             36            18            13            4             24            2             7             
Piraeus           8             10            23            12            2             2             35            3             3             6             15            -             8             23            23            24            18            23            4             4             
Qingdao           10            2             7             7             2             1             13            6             2             41            11            8             -             8             32            8             11            5             8             0             
Rotterdam         7             55            22            19            5             3             35            6             5             6             163           11            6             -             30            22            16            31            3             5             
Shanghai          38            24            30            26            8             11            49            14            5             59            85            30            15            58            -             27            52            19            10            13            
Shenzhen          48            30            24            29            7             10            31            25            4             41            106           22            12            41            25            -             33            11            9             4             
Singapore         9             8             29            19            9             16            55            9             10            24            36            18            9             36            36            37            -             13            4             11            
Tanger Med        5             35            12            10            4             2             14            3             2             3             32            11            4             12            14            14            9             -             5             2             
Tianjin           10            1             4             5             1             3             11            5             0             20            8             4             9             11            14            3             7             4             -             0             
Xiamen            18            4             25            21            3             2             26            20            2             29            20            16            5             24            16            76            21            8             1             -             

Port-Level Shipment Waiting and Vessel Queue Statistics

Port                       Origin Waiting TEU   Transshipment Waiting TEU   Total Waiting TEU   Vessels Waiting
---------------------------------------------------------------------------------------------------------------
Busan                                     304                         113                 417              0.00
Cartagena                                 170                           0                 170              0.00
Colombo                                   537                           0                 537              0.00
Hamburg                                   292                           0                 292              0.00
Ho Chi Minh City                           94                           0                  94              0.05
Jakarta                                    81                           0                  81              0.05
Jebel Ali                                 551                           0                 551              0.00
Kaohsiung                                 155                           3                 159              0.00
Laem Chabang                               98                           0                  98              0.03
Los Angeles                               202                           0                 202              0.00
New Jersey                                254                         123                 376              0.00
Piraeus                                   245                           0                 245              0.00
Qingdao                                   182                          40                 222              0.01
Rotterdam                                 450                           0                 450              0.04
Shanghai                                  574                         862               1,437              0.00
Shenzhen                                  512                          55                 567              0.00
Singapore                                 386                         432                 818              0.00
Tanger Med                                193                         154                 347              0.00
Tianjin                                   120                           0                 120              0.00
Xiamen                                    337                           0                 337              0.03
---------------------------------------------------------------------------------------------------------------
TOTAL                                   5,736                       1,783               7,519              0.21



============================================================
Shipment Being Transported Statistics
============================================================

Average TEUs in Transition by Demand Matrix
------------------------------------------------------------
Origin Dest       Busan         Cartagena     Colombo       Hamburg       Ho Chi Minh CityJakarta       Jebel Ali     Kaohsiung     Laem Chabang  Los Angeles   New Jersey    Piraeus       Qingdao       Rotterdam     Shanghai      Shenzhen      Singapore     Tanger Med    Tianjin       Xiamen        
----------------------------------------------------------------------------------------------------------------------------------------------------------------------------------------------------------------------------------------------------------------------------------------------------------
Busan             -             42            72            167           3             18            128           99            12            475           224           121           9             198           37            24            74            92            10            26            
Cartagena         26            -             75            69            18            27            55            16            14            124           26            44            40            71            153           99            60            50            28            25            
Colombo           35            55            -             143           14            5             150           38            22            58            88            71            28            172           55            52            0             82            20            35            
Hamburg           82            14            193           -             17            30            220           75            25            134           0             39            79            12            263           247           90            33            49            77            
Ho Chi Minh City  3             19            22            34            -             7             69            12            3             70            27            25            8             54            26            43            12            28            9             16            
Jakarta           18            17            32            59            5             -             78            6             7             102           49            62            10            95            40            33            6             35            11            15            
Jebel Ali         62            42            0             114           17            3             -             65            22            135           74            79            34            164           78            84            0             153           22            63            
Kaohsiung         3             18            25            81            4             11            36            -             11            303           75            58            6             92            18            14            19            32            6             18            
Laem Chabang      13            12            29            46            5             4             53            11            -             80            30            38            7             57            21            26            5             27            18            15            
Los Angeles       269           131           90            101           28            39            155           130           26            -             476           101           215           184           369           271           106           72            66            116           
New Jersey        113           61            165           140           19            27            113           80            18            477           -             72            98            135           332           241           80            25            33            84            
Piraeus           56            28            98            13            11            25            138           42            16            96            52            -             51            27            196           155           59            6             28            61            
Qingdao           18            36            35            112           9             11            55            7             7             394           116           70            -             138           14            12            29            69            23            1             
Rotterdam         113           20            276           6             38            61            326           94            36            163           0             47            98            -             295           376           122           41            55            119           
Shanghai          10            62            61            244           8             21            112           11            16            474           187           195           19            327           -             2             62            136           32            7             
Shenzhen          3             49            44            287           23            23            181           0             12            212           284           202           5             437           33            -             48            107           4             13            
Singapore         29            58            39            135           6             8             212           41            11            318           92            93            48            205           86            72            -             82            15            60            
Tanger Med        51            15            127           18            18            30            182           41            26            79            0             15            42            13            178           151           111           -             27            46            
Tianjin           23            16            26            95            6             14            63            8             5             187           88            68            5             133           16            7             27            39            -             1             
Xiamen            